// Jest Snapshot v1, https://goo.gl/fbAQLP

exports[`Cards should render correctly 1`] = `
<Cards>
  <Card
    cardNumber="record"
    className=""
    key="0"
    label="record"
  >
    <div
      className=""
    >
      <Image>
        <div>
          <img
            alt="logo"
            src="https://avatars0.githubusercontent.com/u/5065156?v=4"
          />
        </div>
      </Image>
      <Button
        cardNumber="record"
        renderText={[Function]}
        showTextComponent={false}
      >
        <div>
          <button
            onClick={[Function]}
          >
            Click me
          </button>
        </div>
      </Button>
      <Text
        cardNumber="record"
      >
        <div>
          <p>
            I am the card 
            record
          </p>
        </div>
      </Text>
    </div>
  </Card>
  <Card
    cardNumber="heat"
    className=""
    key="1"
    label="heat"
  >
    <div
      className=""
    >
      <Image>
        <div>
          <img
            alt="logo"
            src="https://avatars0.githubusercontent.com/u/5065156?v=4"
          />
        </div>
      </Image>
      <Button
        cardNumber="heat"
        renderText={[Function]}
        showTextComponent={false}
      >
        <div>
          <button
            onClick={[Function]}
          >
            Click me
          </button>
        </div>
      </Button>
      <Text
        cardNumber="heat"
      >
        <div>
          <p>
            I am the card 
            heat
          </p>
        </div>
      </Text>
    </div>
  </Card>
  <Advert
    key="2"
  >
    <div>
      <img
        alt="logo"
        src="logo.svg"
      />
      <button
        onClick={[Function]}
      >
        X
      </button>
    </div>
  </Advert>
  <Card
    cardNumber="roomy"
    className=""
    key="3"
    label="roomy"
  >
    <div
      className=""
    >
      <Image>
        <div>
          <img
            alt="logo"
            src="https://avatars0.githubusercontent.com/u/5065156?v=4"
          />
        </div>
      </Image>
      <Button
        cardNumber="roomy"
        renderText={[Function]}
        showTextComponent={false}
      >
        <div>
          <button
            onClick={[Function]}
          >
            Click me
          </button>
        </div>
      </Button>
      <Text
        cardNumber="roomy"
      >
        <div>
          <p>
            I am the card 
            roomy
          </p>
        </div>
      </Text>
    </div>
  </Card>
  <Card
    cardNumber="jumbled"
    className=""
    key="4"
    label="jumbled"
  >
    <div
      className=""
    >
      <Image>
        <div>
          <img
            alt="logo"
            src="https://avatars0.githubusercontent.com/u/5065156?v=4"
          />
        </div>
      </Image>
      <Button
        cardNumber="jumbled"
        renderText={[Function]}
        showTextComponent={false}
      >
        <div>
          <button
            onClick={[Function]}
          >
            Click me
          </button>
        </div>
      </Button>
      <Text
        cardNumber="jumbled"
      >
        <div>
          <p>
            I am the card 
            jumbled
          </p>
        </div>
      </Text>
    </div>
  </Card>
  <Advert
    key="5"
  >
    <div>
      <img
        alt="logo"
        src="logo.svg"
      />
      <button
        onClick={[Function]}
      >
        X
      </button>
    </div>
  </Advert>
  <Card
    cardNumber="phobic"
    className=""
    key="6"
    label="phobic"
  >
    <div
      className=""
    >
      <Image>
        <div>
          <img
            alt="logo"
            src="https://avatars0.githubusercontent.com/u/5065156?v=4"
          />
        </div>
      </Image>
      <Button
        cardNumber="phobic"
        renderText={[Function]}
        showTextComponent={false}
      >
        <div>
          <button
            onClick={[Function]}
          >
            Click me
          </button>
        </div>
      </Button>
      <Text
        cardNumber="phobic"
      >
        <div>
          <p>
            I am the card 
            phobic
          </p>
        </div>
      </Text>
    </div>
  </Card>
  <Card
    cardNumber="weary"
    className=""
    key="7"
    label="weary"
  >
    <div
      className=""
    >
      <Image>
        <div>
          <img
            alt="logo"
            src="https://avatars0.githubusercontent.com/u/5065156?v=4"
          />
        </div>
      </Image>
      <Button
        cardNumber="weary"
        renderText={[Function]}
        showTextComponent={false}
      >
        <div>
          <button
            onClick={[Function]}
          >
            Click me
          </button>
        </div>
      </Button>
      <Text
        cardNumber="weary"
      >
        <div>
          <p>
            I am the card 
            weary
          </p>
        </div>
      </Text>
    </div>
  </Card>
  <Advert
    key="8"
  >
    <div>
      <img
        alt="logo"
        src="logo.svg"
      />
      <button
        onClick={[Function]}
      >
        X
      </button>
    </div>
  </Advert>
  <Card
    cardNumber="furry"
    className=""
    key="9"
    label="furry"
  >
    <div
      className=""
    >
      <Image>
        <div>
          <img
            alt="logo"
            src="https://avatars0.githubusercontent.com/u/5065156?v=4"
          />
        </div>
      </Image>
      <Button
        cardNumber="furry"
        renderText={[Function]}
        showTextComponent={false}
      >
        <div>
          <button
            onClick={[Function]}
          >
            Click me
          </button>
        </div>
      </Button>
      <Text
        cardNumber="furry"
      >
        <div>
          <p>
            I am the card 
            furry
          </p>
        </div>
      </Text>
    </div>
  </Card>
  <Card
    cardNumber="luca"
    className=""
    key="10"
    label="luca"
  >
    <div
      className=""
    >
      <Image>
        <div>
          <img
            alt="logo"
            src="https://avatars0.githubusercontent.com/u/5065156?v=4"
          />
        </div>
      </Image>
      <Button
        cardNumber="luca"
        renderText={[Function]}
        showTextComponent={false}
      >
        <div>
          <button
            onClick={[Function]}
          >
            Click me
          </button>
        </div>
      </Button>
      <Text
        cardNumber="luca"
      >
        <div>
          <p>
            I am the card 
            luca
          </p>
        </div>
      </Text>
    </div>
  </Card>
  <Advert
    key="11"
  >
    <div>
      <img
        alt="logo"
        src="logo.svg"
      />
      <button
        onClick={[Function]}
      >
        X
      </button>
    </div>
  </Advert>
  <Card
    cardNumber="John"
    className=""
    key="12"
    label="John"
  >
    <div
      className=""
    >
      <Image>
        <div>
          <img
            alt="logo"
            src="https://avatars0.githubusercontent.com/u/5065156?v=4"
          />
        </div>
      </Image>
      <Button
        cardNumber="John"
        renderText={[Function]}
        showTextComponent={false}
      >
        <div>
          <button
            onClick={[Function]}
          >
            Click me
          </button>
        </div>
      </Button>
      <Text
        cardNumber="John"
      >
        <div>
          <p>
            I am the card 
            John
          </p>
        </div>
      </Text>
    </div>
  </Card>
  <Card
    cardNumber="tom"
    className=""
    key="13"
    label="tom"
  >
    <div
      className=""
    >
      <Image>
        <div>
          <img
            alt="logo"
            src="https://avatars0.githubusercontent.com/u/5065156?v=4"
          />
        </div>
      </Image>
      <Button
        cardNumber="tom"
        renderText={[Function]}
        showTextComponent={false}
      >
        <div>
          <button
            onClick={[Function]}
          >
            Click me
          </button>
        </div>
      </Button>
      <Text
        cardNumber="tom"
      >
        <div>
          <p>
            I am the card 
            tom
          </p>
        </div>
      </Text>
    </div>
  </Card>
  <Advert
    key="14"
  >
    <div>
      <img
        alt="logo"
        src="logo.svg"
      />
      <button
        onClick={[Function]}
      >
        X
      </button>
    </div>
  </Advert>
</Cards>
`;
